// Jest Snapshot v1, https://goo.gl/fbAQLP

exports[`<PageHeader> should match the snapshot 1`] = `
<DocumentFragment>
  <header
    class="leading-9 mb-3 text-center sm:text-left"
  >
    <span
      class="text-xs"
    >
      Librum
    </span>
    <br
      class="block sm:hidden"
    />
    <small
      class="m-0 sm:ml-2 text-blue-500"
    >
      Campaign Companion
    </small>
    <hr
      class="fancy-hr mt-1"
    />
  </header>
</DocumentFragment>
`;

exports[`<PageHeader> with subtitle: null should match the snapshot 1`] = `
<DocumentFragment>
  <header
    class="leading-9 mb-3 text-center sm:text-left"
  >
    <span
      class="text-xs"
    >
      Librum
    </span>
    <br
      class="block sm:hidden"
    />
    <small
      class="m-0 sm:ml-2 text-blue-500"
    >
      Campaign Companion
    </small>
    <hr
      class="fancy-hr mt-1"
    />
  </header>
</DocumentFragment>
`;
