// Jest Snapshot v1, https://goo.gl/fbAQLP

exports[`<Page> should match the snapshot 1`] = `
<DocumentFragment>
  <div
    class="flex flex-col max-w-screen-lg min-h-screen mx-auto p-3 bg-[#ff3366] font-mono"
  >
    <header
      class="leading-9 mb-3 text-center sm:text-left"
    >
      <span
        class=""
      >
        Librum
      </span>
      <br
        class="block sm:hidden"
      />
      <small
        class="m-0 sm:ml-2"
      >
        Campaign Companion
      </small>
      <hr
        class="fancy-hr mt-1"
      />
    </header>
    <main
      class="grow"
    >
      Page Content Here...
    </main>
    <footer
      class="mt-3 shrink-0 text-center sm:text-left"
    >
      <hr
        class="fancy-hr mb-2"
      />
      What lies beyond the furthest reaches of the sky?
    </footer>
  </div>
</DocumentFragment>
`;
