// Jest Snapshot v1, https://goo.gl/fbAQLP

exports[`<HomePage> should match the snapshot 1`] = `
<DocumentFragment>
  <div
    class="mock-page"
  >
    <ul
      aria-label="navigation"
    >
      <li
        aria-label="navigation-item"
      >
        Nav Item @ /nav-item
      </li>
      <li>
        Dropdown
        <ul>
          <li
            aria-label="navigation-item"
          >
            Dropdown Item @ /dropdown-item
          </li>
        </ul>
      </li>
    </ul>
    <div>
      <p>
        At twilight's end, the shadows cross'd
        <br />
        A new world birthed, the elder, lost-
        <br />
      </p>
      <p>
        Yet on the morn we wake to find
        <br />
        That mem'ry left so far behind
      </p>
      <p>
        To deafened ears we ask, unseen-
        <br />
        Which is life, and which the dream?
      </p>
    </div>
  </div>
</DocumentFragment>
`;
