// Jest Snapshot v1, https://goo.gl/fbAQLP

exports[`<PageUser> should match the snapshot 1`] = `<DocumentFragment />`;

exports[`<PageUser> when the session is authenticated should match the snapshot 1`] = `
<DocumentFragment>
  <div
    class="text-left mt-2"
  >
    <svg
      aria-hidden="true"
      class="svg-inline--fa fa-user mr-1"
      data-icon="user"
      data-prefix="fas"
      focusable="false"
      role="img"
      viewBox="0 0 448 512"
      xmlns="http://www.w3.org/2000/svg"
    >
      <path
        d="M224 256A128 128 0 1 0 224 0a128 128 0 1 0 0 256zm-45.7 48C79.8 304 0 383.8 0 482.3C0 498.7 13.3 512 29.7 512H418.3c16.4 0 29.7-13.3 29.7-29.7C448 383.8 368.2 304 269.7 304H178.3z"
        fill="currentColor"
      />
    </svg>
    <span
      class="hidden sm:inline"
    >
      You are currently logged in as 
    </span>
    <a
      href="/user"
    >
      Alan Bradley
    </a>
    <span
      class="float-right link-danger"
    >
      <button>
        Log Out
      </button>
    </span>
  </div>
</DocumentFragment>
`;
