// Jest Snapshot v1, https://goo.gl/fbAQLP

exports[`<LoginPage> should match the snapshot 1`] = `
<DocumentFragment>
  <div
    id="page"
  >
    <h1>
      Log In
    </h1>
    <form
      action="#"
    >
      <label
        for="username"
      >
        Username
      </label>
      <input
        class="form-input"
        id="username"
        name="username"
        type="text"
        value=""
      />
      <br />
      <label
        for="password"
      >
        Password
      </label>
      <input
        class="form-input"
        id="password"
        name="password"
        type="password"
        value=""
      />
      <br />
      <button
        type="submit"
      >
        Submit
      </button>
    </form>
  </div>
</DocumentFragment>
`;
