// Jest Snapshot v1, https://goo.gl/fbAQLP

exports[`<LoginPage> should match the snapshot 1`] = `
<DocumentFragment>
  <div
    id="page"
  >
    <h1>
      Log In
    </h1>
    <form
      action="#"
      class="w-full lg:w-1/2 relative"
    >
      <div
        class=""
      >
        <div
          class="form-field"
        >
          <label
            class="form-label"
            for="username"
          >
            Username
          </label>
          <input
            class="form-input"
            id="username"
            name="username"
            type="text"
            value=""
          />
        </div>
        <div
          class="form-field"
        >
          <label
            class="form-label"
            for="password"
          >
            Password
          </label>
          <input
            class="form-input"
            id="password"
            name="password"
            type="password"
            value=""
          />
        </div>
      </div>
      <div
        class="gap-3 sm:grid sm:grid-cols-1 lg:grid-cols-2"
      >
        <button
          class="form-button"
          type="submit"
        >
          Log In
        </button>
      </div>
    </form>
  </div>
</DocumentFragment>
`;
