// Jest Snapshot v1, https://goo.gl/fbAQLP

exports[`<PageFooter> should match the snapshot 1`] = `
<DocumentFragment>
  <footer
    class="mt-3 shrink-0 text-center text-muted sm:text-left"
  >
    <hr
      class="hr-fancy mb-2"
    />
    What lies beyond the furthest reaches of the sky?
  </footer>
</DocumentFragment>
`;
