// Jest Snapshot v1, https://goo.gl/fbAQLP

exports[`<DemoPage /> should match the snapshot 1`] = `
<DocumentFragment>
  <div
    id="page"
  >
    <h1>
      Demo
    </h1>
    <p>
      This page serves as a demonstration for the styled components defined for Librum.
    </p>
    <hr
      class="hr-muted m-5"
    />
    <h2>
      Headings
    </h2>
    <h3>
      Heading 3
    </h3>
    <h4>
      Heading 4
    </h4>
    <h5>
      Heading 5
    </h5>
    <h6>
      Heading 6
    </h6>
    <hr
      class="hr-muted m-5"
    />
    <h2>
      Headings With Text
    </h2>
    <p>
      This is separator text.
    </p>
    <h3>
      Heading 4
    </h3>
    <p>
      This is separator text.
    </p>
    <h4>
      Heading 4
    </h4>
    <p>
      This is separator text.
    </p>
    <h5>
      Heading 5
    </h5>
    <p>
      This is separator text.
    </p>
    <h6>
      Heading 6
    </h6>
    <p>
      This is separator text.
    </p>
    <hr
      class="hr-muted m-5"
    />
    <h3>
      Typography
    </h3>
    <p>
      This is a short paragraph.
    </p>
    <p>
      This will be a long paragraph.
    </p>
    <p>
      This will be a long paragraph.
    </p>
    <h4>
      Text Colors
    </h4>
    <p>
      This paragraph contains 
      <span
        class="text-danger"
      >
        danger text
      </span>
      .
    </p>
    <p>
      This paragraph contains 
      <span
        class="text-muted"
      >
        muted text
      </span>
      .
    </p>
    <h4>
      Links
    </h4>
    <p>
      This is a 
      <a>
        basic link
      </a>
      .
    </p>
    <p>
      This is a 
      <a
        class="link-danger"
      >
        danger link
      </a>
      .
    </p>
    <p>
      This is a 
      <a
        class="link-muted"
      >
        muted link
      </a>
      .
    </p>
    <hr
      class="hr-muted m-5"
    />
    <h2>
      Data
    </h2>
    <p>
      This is a data list.
    </p>
    <dl
      class="data-list"
    >
      <div
        class="data-list-item"
      >
        <dt
          class="data-list-label"
        >
          Name
        </dt>
        <dd
          class="data-list-value"
        >
          Magic Missile
        </dd>
      </div>
      <div
        class="data-list-item"
      >
        <dt
          class="data-list-label"
        >
          Description
        </dt>
        <dd
          class="data-list-value"
        >
          <em>
            (unknown)
          </em>
        </dd>
      </div>
    </dl>
    <hr
      class="hr-muted m-5"
    />
    <h2>
      Forms
    </h2>
    <br />
    <p>
      This is a full-width form.
    </p>
    <form
      action="#"
      class="relative"
    >
      <div
        class="form-field"
      >
        <label
          class="form-label"
          for="version"
        >
          Version
        </label>
        <input
          class="form-input"
          id="version"
          name="version"
          type="text"
          value="red"
        />
      </div>
      <div
        class="form-field"
      >
        <label
          class="form-label"
          for="generation"
        >
          Generation
        </label>
        <input
          class="form-input"
          id="generation"
          name="generation"
          type="text"
          value="1"
        />
      </div>
      <button
        class="form-button"
        type="submit"
      >
        Submit
      </button>
    </form>
    <br />
    <p>
      This is a grid form.
    </p>
    <form
      action="#"
      class="relative"
    >
      <div
        class="gap-3 sm:grid sm:grid-cols-3 lg:grid-cols-6"
      >
        <div
          class="form-field"
        >
          <label
            class="form-label"
            for="strength"
          >
            Strength
          </label>
          <input
            class="form-input"
            id="strength"
            name="strength"
            type="text"
            value=""
          />
        </div>
        <div
          class="form-field"
        >
          <label
            class="form-label"
            for="dexterity"
          >
            Dexterity
          </label>
          <input
            class="form-input"
            id="dexterity"
            name="dexterity"
            type="text"
            value=""
          />
        </div>
        <div
          class="form-field"
        >
          <label
            class="form-label"
            for="constitution"
          >
            Constitution
          </label>
          <input
            class="form-input"
            id="constitution"
            name="constitution"
            type="text"
            value=""
          />
        </div>
        <div
          class="form-field"
        >
          <label
            class="form-label"
            for="intelligence"
          >
            Intelligence
          </label>
          <input
            class="form-input"
            id="intelligence"
            name="intelligence"
            type="text"
            value=""
          />
        </div>
        <div
          class="form-field"
        >
          <label
            class="form-label"
            for="wisdom"
          >
            Wisdom
          </label>
          <input
            class="form-input"
            id="wisdom"
            name="wisdom"
            type="text"
            value=""
          />
        </div>
        <div
          class="form-field"
        >
          <label
            class="form-label"
            for="charisma"
          >
            Charisma
          </label>
          <input
            class="form-input"
            id="charisma"
            name="charisma"
            type="text"
            value=""
          />
        </div>
        <div
          class="form-field col-span-2"
        >
          <label
            class="form-label"
            for="armor_class"
          >
            Armor Class
          </label>
          <input
            class="form-input"
            id="armor_class"
            name="armor_class"
            type="text"
            value=""
          />
        </div>
        <div
          class="form-field col-span-2"
        >
          <label
            class="form-label"
            for="saving_throws"
          >
            Saving Throws
          </label>
          <input
            class="form-input"
            id="saving_throws"
            name="saving_throws"
            type="text"
            value=""
          />
        </div>
        <div
          class="form-field col-span-2"
        >
          <label
            class="form-label"
            for="skills"
          >
            Skills
          </label>
          <input
            class="form-input"
            id="skills"
            name="skills"
            type="text"
            value=""
          />
        </div>
      </div>
      <div
        class="gap-3 sm:grid sm:grid-cols-2 lg:grid-cols-4"
        style="direction: rtl;"
      >
        <button
          class="form-button col-span-2"
          type="submit"
        >
          Submit
        </button>
        <button
          class="form-button"
          type="button"
        >
          Cancel
        </button>
      </div>
    </form>
  </div>
</DocumentFragment>
`;
